[1.028s] Invoking command in '/home/ubuntu/rt2_second_ex/src/simulation': PYTHONPATH=/home/ubuntu/rt2_second_ex/build/simulation/prefix_override:/usr/lib/python3/dist-packages/colcon_core/task/python/colcon_distutils_commands:/home/ubuntu/rt2_second_ex/install/simulation/lib/python3.12/site-packages:${PYTHONPATH} /usr/bin/python3 -W ignore:setup.py install is deprecated -W ignore:easy_install command is deprecated setup.py egg_info --egg-base ../../build/simulation build --build-base /home/ubuntu/rt2_second_ex/build/simulation/build install --record /home/ubuntu/rt2_second_ex/build/simulation/install.log --install-scripts $base/lib/simulation --single-version-externally-managed install_data
[1.228s] running egg_info
[1.229s] creating ../../build/simulation/simulation.egg-info
[1.242s] writing ../../build/simulation/simulation.egg-info/PKG-INFO
[1.242s] writing dependency_links to ../../build/simulation/simulation.egg-info/dependency_links.txt
[1.243s] writing requirements to ../../build/simulation/simulation.egg-info/requires.txt
[1.243s] writing top-level names to ../../build/simulation/simulation.egg-info/top_level.txt
[1.243s] writing manifest file '../../build/simulation/simulation.egg-info/SOURCES.txt'
[1.270s] reading manifest file '../../build/simulation/simulation.egg-info/SOURCES.txt'
[1.270s] writing manifest file '../../build/simulation/simulation.egg-info/SOURCES.txt'
[1.276s] running build
[1.276s] running build_py
[1.276s] creating /home/ubuntu/rt2_second_ex/build/simulation/build
[1.277s] creating /home/ubuntu/rt2_second_ex/build/simulation/build/lib
[1.277s] creating /home/ubuntu/rt2_second_ex/build/simulation/build/lib/simulation
[1.277s] copying simulation/__init__.py -> /home/ubuntu/rt2_second_ex/build/simulation/build/lib/simulation
[1.277s] copying simulation/PID.py -> /home/ubuntu/rt2_second_ex/build/simulation/build/lib/simulation
[1.277s] copying simulation/SMC.py -> /home/ubuntu/rt2_second_ex/build/simulation/build/lib/simulation
[1.278s] running install
[1.282s] running install_lib
[1.297s] creating /home/ubuntu/rt2_second_ex/install/simulation/lib/python3.12/site-packages/simulation
[1.298s] copying /home/ubuntu/rt2_second_ex/build/simulation/build/lib/simulation/__init__.py -> /home/ubuntu/rt2_second_ex/install/simulation/lib/python3.12/site-packages/simulation
[1.298s] copying /home/ubuntu/rt2_second_ex/build/simulation/build/lib/simulation/PID.py -> /home/ubuntu/rt2_second_ex/install/simulation/lib/python3.12/site-packages/simulation
[1.298s] copying /home/ubuntu/rt2_second_ex/build/simulation/build/lib/simulation/SMC.py -> /home/ubuntu/rt2_second_ex/install/simulation/lib/python3.12/site-packages/simulation
[1.298s] byte-compiling /home/ubuntu/rt2_second_ex/install/simulation/lib/python3.12/site-packages/simulation/__init__.py to __init__.cpython-312.pyc
[1.299s] byte-compiling /home/ubuntu/rt2_second_ex/install/simulation/lib/python3.12/site-packages/simulation/PID.py to PID.cpython-312.pyc
[1.299s] byte-compiling /home/ubuntu/rt2_second_ex/install/simulation/lib/python3.12/site-packages/simulation/SMC.py to SMC.cpython-312.pyc
[1.300s] running install_data
[1.300s] creating /home/ubuntu/rt2_second_ex/install/simulation/share/ament_index
[1.300s] creating /home/ubuntu/rt2_second_ex/install/simulation/share/ament_index/resource_index
[1.300s] creating /home/ubuntu/rt2_second_ex/install/simulation/share/ament_index/resource_index/packages
[1.301s] copying resource/simulation -> /home/ubuntu/rt2_second_ex/install/simulation/share/ament_index/resource_index/packages
[1.301s] copying package.xml -> /home/ubuntu/rt2_second_ex/install/simulation/share/simulation
[1.301s] running install_egg_info
[1.316s] Copying ../../build/simulation/simulation.egg-info to /home/ubuntu/rt2_second_ex/install/simulation/lib/python3.12/site-packages/simulation-0.0.0-py3.12.egg-info
[1.317s] running install_scripts
[1.412s] writing list of installed files to '/home/ubuntu/rt2_second_ex/build/simulation/install.log'
[1.436s] Invoked command in '/home/ubuntu/rt2_second_ex/src/simulation' returned '0': PYTHONPATH=/home/ubuntu/rt2_second_ex/build/simulation/prefix_override:/usr/lib/python3/dist-packages/colcon_core/task/python/colcon_distutils_commands:/home/ubuntu/rt2_second_ex/install/simulation/lib/python3.12/site-packages:${PYTHONPATH} /usr/bin/python3 -W ignore:setup.py install is deprecated -W ignore:easy_install command is deprecated setup.py egg_info --egg-base ../../build/simulation build --build-base /home/ubuntu/rt2_second_ex/build/simulation/build install --record /home/ubuntu/rt2_second_ex/build/simulation/install.log --install-scripts $base/lib/simulation --single-version-externally-managed install_data
