[1.176s] Invoking command in '/home/ubuntu/rt2_second_ex/src/simulation': PYTHONPATH=/home/ubuntu/rt2_second_ex/build/simulation/prefix_override:/usr/lib/python3/dist-packages/colcon_core/task/python/colcon_distutils_commands:/home/ubuntu/rt2_second_ex/install/simulation/lib/python3.12/site-packages:${PYTHONPATH} /usr/bin/python3 -W ignore:setup.py install is deprecated -W ignore:easy_install command is deprecated setup.py egg_info --egg-base ../../build/simulation build --build-base /home/ubuntu/rt2_second_ex/build/simulation/build install --record /home/ubuntu/rt2_second_ex/build/simulation/install.log --install-scripts $base/lib/simulation --single-version-externally-managed install_data
[1.610s] running egg_info
[1.647s] writing ../../build/simulation/simulation.egg-info/PKG-INFO
[1.648s] writing dependency_links to ../../build/simulation/simulation.egg-info/dependency_links.txt
[1.648s] writing entry points to ../../build/simulation/simulation.egg-info/entry_points.txt
[1.649s] writing requirements to ../../build/simulation/simulation.egg-info/requires.txt
[1.649s] writing top-level names to ../../build/simulation/simulation.egg-info/top_level.txt
[1.720s] reading manifest file '../../build/simulation/simulation.egg-info/SOURCES.txt'
[1.721s] writing manifest file '../../build/simulation/simulation.egg-info/SOURCES.txt'
[1.722s] running build
[1.722s] running build_py
[1.722s] running install
[1.732s] running install_lib
[1.769s] running install_data
[1.769s] running install_egg_info
[1.863s] removing '/home/ubuntu/rt2_second_ex/install/simulation/lib/python3.12/site-packages/simulation-0.0.0-py3.12.egg-info' (and everything under it)
[1.865s] Copying ../../build/simulation/simulation.egg-info to /home/ubuntu/rt2_second_ex/install/simulation/lib/python3.12/site-packages/simulation-0.0.0-py3.12.egg-info
[1.876s] running install_scripts
[2.179s] Installing dynamics_node script to /home/ubuntu/rt2_second_ex/install/simulation/lib/simulation
[2.180s] Installing pid_node script to /home/ubuntu/rt2_second_ex/install/simulation/lib/simulation
[2.180s] Installing smc_node script to /home/ubuntu/rt2_second_ex/install/simulation/lib/simulation
[2.181s] writing list of installed files to '/home/ubuntu/rt2_second_ex/build/simulation/install.log'
[2.236s] Invoked command in '/home/ubuntu/rt2_second_ex/src/simulation' returned '0': PYTHONPATH=/home/ubuntu/rt2_second_ex/build/simulation/prefix_override:/usr/lib/python3/dist-packages/colcon_core/task/python/colcon_distutils_commands:/home/ubuntu/rt2_second_ex/install/simulation/lib/python3.12/site-packages:${PYTHONPATH} /usr/bin/python3 -W ignore:setup.py install is deprecated -W ignore:easy_install command is deprecated setup.py egg_info --egg-base ../../build/simulation build --build-base /home/ubuntu/rt2_second_ex/build/simulation/build install --record /home/ubuntu/rt2_second_ex/build/simulation/install.log --install-scripts $base/lib/simulation --single-version-externally-managed install_data
