[0.854s] Invoking command in '/home/ubuntu/rt2_second_ex/src/simulation': PYTHONPATH=/home/ubuntu/rt2_second_ex/build/simulation/prefix_override:/usr/lib/python3/dist-packages/colcon_core/task/python/colcon_distutils_commands:/home/ubuntu/rt2_second_ex/install/simulation/lib/python3.12/site-packages:${PYTHONPATH} /usr/bin/python3 -W ignore:setup.py install is deprecated -W ignore:easy_install command is deprecated setup.py egg_info --egg-base ../../build/simulation build --build-base /home/ubuntu/rt2_second_ex/build/simulation/build install --record /home/ubuntu/rt2_second_ex/build/simulation/install.log --install-scripts $base/lib/simulation --single-version-externally-managed install_data
[1.055s] running egg_info
[1.068s] writing ../../build/simulation/simulation.egg-info/PKG-INFO
[1.068s] writing dependency_links to ../../build/simulation/simulation.egg-info/dependency_links.txt
[1.069s] writing requirements to ../../build/simulation/simulation.egg-info/requires.txt
[1.069s] writing top-level names to ../../build/simulation/simulation.egg-info/top_level.txt
[1.099s] reading manifest file '../../build/simulation/simulation.egg-info/SOURCES.txt'
[1.100s] writing manifest file '../../build/simulation/simulation.egg-info/SOURCES.txt'
[1.101s] running build
[1.101s] running build_py
[1.101s] copying simulation/dynamics_node.py -> /home/ubuntu/rt2_second_ex/build/simulation/build/lib/simulation
[1.102s] running install
[1.106s] running install_lib
[1.123s] copying /home/ubuntu/rt2_second_ex/build/simulation/build/lib/simulation/dynamics_node.py -> /home/ubuntu/rt2_second_ex/install/simulation/lib/python3.12/site-packages/simulation
[1.124s] byte-compiling /home/ubuntu/rt2_second_ex/install/simulation/lib/python3.12/site-packages/simulation/dynamics_node.py to dynamics_node.cpython-312.pyc
[1.126s] running install_data
[1.126s] running install_egg_info
[1.144s] removing '/home/ubuntu/rt2_second_ex/install/simulation/lib/python3.12/site-packages/simulation-0.0.0-py3.12.egg-info' (and everything under it)
[1.144s] Copying ../../build/simulation/simulation.egg-info to /home/ubuntu/rt2_second_ex/install/simulation/lib/python3.12/site-packages/simulation-0.0.0-py3.12.egg-info
[1.146s] running install_scripts
[1.242s] writing list of installed files to '/home/ubuntu/rt2_second_ex/build/simulation/install.log'
[1.261s] Invoked command in '/home/ubuntu/rt2_second_ex/src/simulation' returned '0': PYTHONPATH=/home/ubuntu/rt2_second_ex/build/simulation/prefix_override:/usr/lib/python3/dist-packages/colcon_core/task/python/colcon_distutils_commands:/home/ubuntu/rt2_second_ex/install/simulation/lib/python3.12/site-packages:${PYTHONPATH} /usr/bin/python3 -W ignore:setup.py install is deprecated -W ignore:easy_install command is deprecated setup.py egg_info --egg-base ../../build/simulation build --build-base /home/ubuntu/rt2_second_ex/build/simulation/build install --record /home/ubuntu/rt2_second_ex/build/simulation/install.log --install-scripts $base/lib/simulation --single-version-externally-managed install_data
