running egg_info
writing ../../build/simulation/simulation.egg-info/PKG-INFO
writing dependency_links to ../../build/simulation/simulation.egg-info/dependency_links.txt
writing entry points to ../../build/simulation/simulation.egg-info/entry_points.txt
writing requirements to ../../build/simulation/simulation.egg-info/requires.txt
writing top-level names to ../../build/simulation/simulation.egg-info/top_level.txt
reading manifest file '../../build/simulation/simulation.egg-info/SOURCES.txt'
writing manifest file '../../build/simulation/simulation.egg-info/SOURCES.txt'
running build
running build_py
copying simulation/dynamics_node.py -> /home/ubuntu/rt2_second_ex/build/simulation/build/lib/simulation
running install
running install_lib
copying /home/ubuntu/rt2_second_ex/build/simulation/build/lib/simulation/dynamics_node.py -> /home/ubuntu/rt2_second_ex/install/simulation/lib/python3.12/site-packages/simulation
byte-compiling /home/ubuntu/rt2_second_ex/install/simulation/lib/python3.12/site-packages/simulation/dynamics_node.py to dynamics_node.cpython-312.pyc
running install_data
running install_egg_info
removing '/home/ubuntu/rt2_second_ex/install/simulation/lib/python3.12/site-packages/simulation-0.0.0-py3.12.egg-info' (and everything under it)
Copying ../../build/simulation/simulation.egg-info to /home/ubuntu/rt2_second_ex/install/simulation/lib/python3.12/site-packages/simulation-0.0.0-py3.12.egg-info
running install_scripts
Installing dynamics_node script to /home/ubuntu/rt2_second_ex/install/simulation/lib/simulation
Installing pid_node script to /home/ubuntu/rt2_second_ex/install/simulation/lib/simulation
Installing smc_node script to /home/ubuntu/rt2_second_ex/install/simulation/lib/simulation
writing list of installed files to '/home/ubuntu/rt2_second_ex/build/simulation/install.log'
