[1.508s] Invoking command in '/home/ubuntu/rt2_second_ex/src/simulation': PYTHONPATH=/home/ubuntu/rt2_second_ex/build/simulation/prefix_override:/usr/lib/python3/dist-packages/colcon_core/task/python/colcon_distutils_commands:/home/ubuntu/rt2_second_ex/install/simulation/lib/python3.12/site-packages:${PYTHONPATH} /usr/bin/python3 -W ignore:setup.py install is deprecated -W ignore:easy_install command is deprecated setup.py egg_info --egg-base ../../build/simulation build --build-base /home/ubuntu/rt2_second_ex/build/simulation/build install --record /home/ubuntu/rt2_second_ex/build/simulation/install.log --install-scripts $base/lib/simulation --single-version-externally-managed install_data
[1.795s] running egg_info
[1.815s] writing ../../build/simulation/simulation.egg-info/PKG-INFO
[1.816s] writing dependency_links to ../../build/simulation/simulation.egg-info/dependency_links.txt
[1.816s] writing entry points to ../../build/simulation/simulation.egg-info/entry_points.txt
[1.816s] writing requirements to ../../build/simulation/simulation.egg-info/requires.txt
[1.816s] writing top-level names to ../../build/simulation/simulation.egg-info/top_level.txt
[1.866s] reading manifest file '../../build/simulation/simulation.egg-info/SOURCES.txt'
[1.869s] writing manifest file '../../build/simulation/simulation.egg-info/SOURCES.txt'
[1.870s] running build
[1.870s] running build_py
[1.870s] copying simulation/dynamics_node.py -> /home/ubuntu/rt2_second_ex/build/simulation/build/lib/simulation
[1.870s] running install
[1.875s] running install_lib
[1.893s] copying /home/ubuntu/rt2_second_ex/build/simulation/build/lib/simulation/dynamics_node.py -> /home/ubuntu/rt2_second_ex/install/simulation/lib/python3.12/site-packages/simulation
[1.893s] byte-compiling /home/ubuntu/rt2_second_ex/install/simulation/lib/python3.12/site-packages/simulation/dynamics_node.py to dynamics_node.cpython-312.pyc
[1.895s] running install_data
[1.895s] running install_egg_info
[1.917s] removing '/home/ubuntu/rt2_second_ex/install/simulation/lib/python3.12/site-packages/simulation-0.0.0-py3.12.egg-info' (and everything under it)
[1.920s] Copying ../../build/simulation/simulation.egg-info to /home/ubuntu/rt2_second_ex/install/simulation/lib/python3.12/site-packages/simulation-0.0.0-py3.12.egg-info
[1.923s] running install_scripts
[2.062s] Installing dynamics_node script to /home/ubuntu/rt2_second_ex/install/simulation/lib/simulation
[2.063s] Installing pid_node script to /home/ubuntu/rt2_second_ex/install/simulation/lib/simulation
[2.063s] Installing smc_node script to /home/ubuntu/rt2_second_ex/install/simulation/lib/simulation
[2.064s] writing list of installed files to '/home/ubuntu/rt2_second_ex/build/simulation/install.log'
[2.102s] Invoked command in '/home/ubuntu/rt2_second_ex/src/simulation' returned '0': PYTHONPATH=/home/ubuntu/rt2_second_ex/build/simulation/prefix_override:/usr/lib/python3/dist-packages/colcon_core/task/python/colcon_distutils_commands:/home/ubuntu/rt2_second_ex/install/simulation/lib/python3.12/site-packages:${PYTHONPATH} /usr/bin/python3 -W ignore:setup.py install is deprecated -W ignore:easy_install command is deprecated setup.py egg_info --egg-base ../../build/simulation build --build-base /home/ubuntu/rt2_second_ex/build/simulation/build install --record /home/ubuntu/rt2_second_ex/build/simulation/install.log --install-scripts $base/lib/simulation --single-version-externally-managed install_data
