/home/ubuntu/rt2_second_ex/install/simulation/lib/python3.12/site-packages/simulation/__init__.py
/home/ubuntu/rt2_second_ex/install/simulation/lib/python3.12/site-packages/simulation/PID.py
/home/ubuntu/rt2_second_ex/install/simulation/lib/python3.12/site-packages/simulation/SMC.py
/home/ubuntu/rt2_second_ex/install/simulation/lib/python3.12/site-packages/simulation/dynamics_node.py
/home/ubuntu/rt2_second_ex/install/simulation/lib/python3.12/site-packages/simulation/__pycache__/__init__.cpython-312.pyc
/home/ubuntu/rt2_second_ex/install/simulation/lib/python3.12/site-packages/simulation/__pycache__/PID.cpython-312.pyc
/home/ubuntu/rt2_second_ex/install/simulation/lib/python3.12/site-packages/simulation/__pycache__/SMC.cpython-312.pyc
/home/ubuntu/rt2_second_ex/install/simulation/lib/python3.12/site-packages/simulation/__pycache__/dynamics_node.cpython-312.pyc
/home/ubuntu/rt2_second_ex/install/simulation/share/ament_index/resource_index/packages/simulation
/home/ubuntu/rt2_second_ex/install/simulation/share/simulation/package.xml
/home/ubuntu/rt2_second_ex/install/simulation/lib/python3.12/site-packages/simulation-0.0.0-py3.12.egg-info/PKG-INFO
/home/ubuntu/rt2_second_ex/install/simulation/lib/python3.12/site-packages/simulation-0.0.0-py3.12.egg-info/SOURCES.txt
/home/ubuntu/rt2_second_ex/install/simulation/lib/python3.12/site-packages/simulation-0.0.0-py3.12.egg-info/dependency_links.txt
/home/ubuntu/rt2_second_ex/install/simulation/lib/python3.12/site-packages/simulation-0.0.0-py3.12.egg-info/requires.txt
/home/ubuntu/rt2_second_ex/install/simulation/lib/python3.12/site-packages/simulation-0.0.0-py3.12.egg-info/zip-safe
/home/ubuntu/rt2_second_ex/install/simulation/lib/python3.12/site-packages/simulation-0.0.0-py3.12.egg-info/top_level.txt
/home/ubuntu/rt2_second_ex/install/simulation/lib/python3.12/site-packages/simulation-0.0.0-py3.12.egg-info/entry_points.txt
/home/ubuntu/rt2_second_ex/install/simulation/lib/simulation/dynamics_node
/home/ubuntu/rt2_second_ex/install/simulation/lib/simulation/pid_node
/home/ubuntu/rt2_second_ex/install/simulation/lib/simulation/smc_node
